[0.009s] Invoking command in '/home/malneyugnfl/Desktop/Project-STORM-LOCAL/build/drivetrain': CMAKE_PREFIX_PATH=/opt/ros/humble /usr/bin/cmake /home/malneyugnfl/Desktop/Project-STORM-LOCAL/src/drivetrain -DCMAKE_INSTALL_PREFIX=/home/malneyugnfl/Desktop/Project-STORM-LOCAL/install/drivetrain
[0.049s] -- The C compiler identification is GNU 11.4.0
[0.083s] -- The CXX compiler identification is GNU 11.4.0
[0.086s] -- Detecting C compiler ABI info
[0.136s] -- Detecting C compiler ABI info - done
[0.142s] -- Check for working C compiler: /usr/bin/cc - skipped
[0.143s] -- Detecting C compile features
[0.143s] -- Detecting C compile features - done
[0.144s] -- Detecting CXX compiler ABI info
[0.193s] -- Detecting CXX compiler ABI info - done
[0.197s] -- Check for working CXX compiler: /usr/bin/c++ - skipped
[0.198s] -- Detecting CXX compile features
[0.198s] -- Detecting CXX compile features - done
[0.198s] -- Found ament_cmake: 1.3.12 (/opt/ros/humble/share/ament_cmake/cmake)
[0.299s] -- Found Python3: /usr/bin/python3 (found version "3.10.12") found components: Interpreter 
[0.353s] -- Found ament_lint_auto: 0.12.14 (/opt/ros/humble/share/ament_lint_auto/cmake)
[0.414s] -- Added test 'lint_cmake' to check CMake code style
[0.414s] -- Added test 'xmllint' to check XML markup files
[0.414s] -- Configuring done
[0.415s] -- Generating done
[0.416s] -- Build files have been written to: /home/malneyugnfl/Desktop/Project-STORM-LOCAL/build/drivetrain
[0.423s] Invoked command in '/home/malneyugnfl/Desktop/Project-STORM-LOCAL/build/drivetrain' returned '0': CMAKE_PREFIX_PATH=/opt/ros/humble /usr/bin/cmake /home/malneyugnfl/Desktop/Project-STORM-LOCAL/src/drivetrain -DCMAKE_INSTALL_PREFIX=/home/malneyugnfl/Desktop/Project-STORM-LOCAL/install/drivetrain
[0.425s] Invoking command in '/home/malneyugnfl/Desktop/Project-STORM-LOCAL/build/drivetrain': CMAKE_PREFIX_PATH=/opt/ros/humble /usr/bin/cmake --build /home/malneyugnfl/Desktop/Project-STORM-LOCAL/build/drivetrain -- -j32 -l32
[0.452s] Invoked command in '/home/malneyugnfl/Desktop/Project-STORM-LOCAL/build/drivetrain' returned '0': CMAKE_PREFIX_PATH=/opt/ros/humble /usr/bin/cmake --build /home/malneyugnfl/Desktop/Project-STORM-LOCAL/build/drivetrain -- -j32 -l32
[0.453s] Invoking command in '/home/malneyugnfl/Desktop/Project-STORM-LOCAL/build/drivetrain': CMAKE_PREFIX_PATH=/opt/ros/humble /usr/bin/cmake --install /home/malneyugnfl/Desktop/Project-STORM-LOCAL/build/drivetrain
[0.458s] -- Install configuration: ""
[0.458s] -- Installing: /home/malneyugnfl/Desktop/Project-STORM-LOCAL/install/drivetrain/share/ament_index/resource_index/package_run_dependencies/drivetrain
[0.458s] -- Installing: /home/malneyugnfl/Desktop/Project-STORM-LOCAL/install/drivetrain/share/ament_index/resource_index/parent_prefix_path/drivetrain
[0.458s] -- Installing: /home/malneyugnfl/Desktop/Project-STORM-LOCAL/install/drivetrain/share/drivetrain/environment/ament_prefix_path.sh
[0.458s] -- Installing: /home/malneyugnfl/Desktop/Project-STORM-LOCAL/install/drivetrain/share/drivetrain/environment/ament_prefix_path.dsv
[0.458s] -- Installing: /home/malneyugnfl/Desktop/Project-STORM-LOCAL/install/drivetrain/share/drivetrain/environment/path.sh
[0.458s] -- Installing: /home/malneyugnfl/Desktop/Project-STORM-LOCAL/install/drivetrain/share/drivetrain/environment/path.dsv
[0.459s] -- Installing: /home/malneyugnfl/Desktop/Project-STORM-LOCAL/install/drivetrain/share/drivetrain/local_setup.bash
[0.459s] -- Installing: /home/malneyugnfl/Desktop/Project-STORM-LOCAL/install/drivetrain/share/drivetrain/local_setup.sh
[0.459s] -- Installing: /home/malneyugnfl/Desktop/Project-STORM-LOCAL/install/drivetrain/share/drivetrain/local_setup.zsh
[0.459s] -- Installing: /home/malneyugnfl/Desktop/Project-STORM-LOCAL/install/drivetrain/share/drivetrain/local_setup.dsv
[0.459s] -- Installing: /home/malneyugnfl/Desktop/Project-STORM-LOCAL/install/drivetrain/share/drivetrain/package.dsv
[0.459s] -- Installing: /home/malneyugnfl/Desktop/Project-STORM-LOCAL/install/drivetrain/share/ament_index/resource_index/packages/drivetrain
[0.459s] -- Installing: /home/malneyugnfl/Desktop/Project-STORM-LOCAL/install/drivetrain/share/drivetrain/cmake/drivetrainConfig.cmake
[0.459s] -- Installing: /home/malneyugnfl/Desktop/Project-STORM-LOCAL/install/drivetrain/share/drivetrain/cmake/drivetrainConfig-version.cmake
[0.459s] -- Installing: /home/malneyugnfl/Desktop/Project-STORM-LOCAL/install/drivetrain/share/drivetrain/package.xml
[0.466s] Invoked command in '/home/malneyugnfl/Desktop/Project-STORM-LOCAL/build/drivetrain' returned '0': CMAKE_PREFIX_PATH=/opt/ros/humble /usr/bin/cmake --install /home/malneyugnfl/Desktop/Project-STORM-LOCAL/build/drivetrain
