[0.008s] Invoking command in '/home/malneyugnfl/Desktop/Project-STORM-LOCAL/build/joystick_control': AMENT_PREFIX_PATH=/home/malneyugnfl/Desktop/Project-STORM-LOCAL/install/drivetrain_interfaces:${AMENT_PREFIX_PATH} CMAKE_PREFIX_PATH=/home/malneyugnfl/Desktop/Project-STORM-LOCAL/install/drivetrain_interfaces:/opt/ros/humble LD_LIBRARY_PATH=/home/malneyugnfl/Desktop/Project-STORM-LOCAL/install/drivetrain_interfaces/lib:${LD_LIBRARY_PATH} PYTHONPATH=/home/malneyugnfl/Desktop/Project-STORM-LOCAL/install/drivetrain_interfaces/local/lib/python3.10/dist-packages:${PYTHONPATH} /usr/bin/cmake /home/malneyugnfl/Desktop/Project-STORM-LOCAL/src/joystick_control -DCMAKE_INSTALL_PREFIX=/home/malneyugnfl/Desktop/Project-STORM-LOCAL/install/joystick_control
[0.068s] -- The C compiler identification is GNU 11.4.0
[0.131s] -- The CXX compiler identification is GNU 11.4.0
[0.135s] -- Detecting C compiler ABI info
[0.214s] -- Detecting C compiler ABI info - done
[0.224s] -- Check for working C compiler: /usr/bin/cc - skipped
[0.224s] -- Detecting C compile features
[0.225s] -- Detecting C compile features - done
[0.228s] -- Detecting CXX compiler ABI info
[0.308s] -- Detecting CXX compiler ABI info - done
[0.313s] -- Check for working CXX compiler: /usr/bin/c++ - skipped
[0.313s] -- Detecting CXX compile features
[0.313s] -- Detecting CXX compile features - done
[0.315s] -- Found ament_cmake: 1.3.12 (/opt/ros/humble/share/ament_cmake/cmake)
[0.467s] -- Found Python3: /usr/bin/python3 (found version "3.10.12") found components: Interpreter 
[0.522s] -- Found rclcpp: 16.0.15 (/opt/ros/humble/share/rclcpp/cmake)
[0.544s] -- Found rosidl_generator_c: 3.1.7 (/opt/ros/humble/share/rosidl_generator_c/cmake)
[0.547s] -- Found rosidl_adapter: 3.1.7 (/opt/ros/humble/share/rosidl_adapter/cmake)
[0.553s] -- Found rosidl_generator_cpp: 3.1.7 (/opt/ros/humble/share/rosidl_generator_cpp/cmake)
[0.560s] -- Using all available rosidl_typesupport_c: rosidl_typesupport_fastrtps_c;rosidl_typesupport_introspection_c
[0.569s] -- Using all available rosidl_typesupport_cpp: rosidl_typesupport_fastrtps_cpp;rosidl_typesupport_introspection_cpp
[0.598s] -- Found rmw_implementation_cmake: 6.1.2 (/opt/ros/humble/share/rmw_implementation_cmake/cmake)
[0.599s] -- Found rmw_fastrtps_cpp: 6.2.8 (/opt/ros/humble/share/rmw_fastrtps_cpp/cmake)
[0.669s] -- Found OpenSSL: /usr/lib/x86_64-linux-gnu/libcrypto.so (found version "3.0.2")  
[0.707s] -- Found FastRTPS: /opt/ros/humble/include  
[0.743s] -- Using RMW implementation 'rmw_fastrtps_cpp' as default
[0.748s] -- Looking for pthread.h
[0.839s] -- Looking for pthread.h - found
[0.840s] -- Performing Test CMAKE_HAVE_LIBC_PTHREAD
[0.931s] -- Performing Test CMAKE_HAVE_LIBC_PTHREAD - Success
[0.933s] -- Found Threads: TRUE  
[0.971s] -- Found drivetrain_interfaces: 0.0.0 (/home/malneyugnfl/Desktop/Project-STORM-LOCAL/install/drivetrain_interfaces/share/drivetrain_interfaces/cmake)
[0.976s] [31mCMake Error at CMakeLists.txt:14 (add_subdirectory):
[0.976s]   add_subdirectory given source "external/joystick" which is not an existing
[0.976s]   directory.
[0.976s] 
[0.976s] [0m
[0.977s] -- Found ament_lint_auto: 0.12.14 (/opt/ros/humble/share/ament_lint_auto/cmake)
[1.029s] -- Added test 'cppcheck' to perform static code analysis on C / C++ code
[1.029s] -- Configured cppcheck include dirs: $<BUILD_INTERFACE:/home/malneyugnfl/Desktop/Project-STORM-LOCAL/src/joystick_control/external/joystick>;$<BUILD_INTERFACE:/home/malneyugnfl/Desktop/Project-STORM-LOCAL/src/joystick_control/src>
[1.029s] -- Configured cppcheck exclude dirs and/or files: 
[1.029s] -- Added test 'flake8' to check Python code syntax and style conventions
[1.029s] -- Added test 'lint_cmake' to check CMake code style
[1.030s] -- Added test 'pep257' to check Python code against some of the docstring style conventions in PEP 257
[1.031s] -- Added test 'uncrustify' to check C / C++ code style
[1.031s] -- Configured uncrustify additional arguments: 
[1.031s] -- Added test 'xmllint' to check XML markup files
[1.031s] -- Configuring incomplete, errors occurred!
[1.031s] See also "/home/malneyugnfl/Desktop/Project-STORM-LOCAL/build/joystick_control/CMakeFiles/CMakeOutput.log".
[1.037s] Invoked command in '/home/malneyugnfl/Desktop/Project-STORM-LOCAL/build/joystick_control' returned '1': AMENT_PREFIX_PATH=/home/malneyugnfl/Desktop/Project-STORM-LOCAL/install/drivetrain_interfaces:${AMENT_PREFIX_PATH} CMAKE_PREFIX_PATH=/home/malneyugnfl/Desktop/Project-STORM-LOCAL/install/drivetrain_interfaces:/opt/ros/humble LD_LIBRARY_PATH=/home/malneyugnfl/Desktop/Project-STORM-LOCAL/install/drivetrain_interfaces/lib:${LD_LIBRARY_PATH} PYTHONPATH=/home/malneyugnfl/Desktop/Project-STORM-LOCAL/install/drivetrain_interfaces/local/lib/python3.10/dist-packages:${PYTHONPATH} /usr/bin/cmake /home/malneyugnfl/Desktop/Project-STORM-LOCAL/src/joystick_control -DCMAKE_INSTALL_PREFIX=/home/malneyugnfl/Desktop/Project-STORM-LOCAL/install/joystick_control
