[0.015s] Invoking command in '/home/malneyugnfl/Desktop/Project-STORM-LOCAL/build/sensor_processing': CMAKE_PREFIX_PATH=/opt/ros/humble /usr/bin/cmake /home/malneyugnfl/Desktop/Project-STORM-LOCAL/src/sensor_processing -DCMAKE_INSTALL_PREFIX=/home/malneyugnfl/Desktop/Project-STORM-LOCAL/install/sensor_processing
[0.047s] -- The C compiler identification is GNU 11.4.0
[0.079s] -- The CXX compiler identification is GNU 11.4.0
[0.084s] -- Detecting C compiler ABI info
[0.132s] -- Detecting C compiler ABI info - done
[0.135s] -- Check for working C compiler: /usr/bin/cc - skipped
[0.135s] -- Detecting C compile features
[0.136s] -- Detecting C compile features - done
[0.137s] -- Detecting CXX compiler ABI info
[0.189s] -- Detecting CXX compiler ABI info - done
[0.193s] -- Check for working CXX compiler: /usr/bin/c++ - skipped
[0.193s] -- Detecting CXX compile features
[0.193s] -- Detecting CXX compile features - done
[0.194s] -- Found ament_cmake: 1.3.12 (/opt/ros/humble/share/ament_cmake/cmake)
[0.291s] -- Found Python3: /usr/bin/python3 (found version "3.10.12") found components: Interpreter 
[0.340s] -- Found ament_lint_auto: 0.12.14 (/opt/ros/humble/share/ament_lint_auto/cmake)
[0.400s] -- Added test 'lint_cmake' to check CMake code style
[0.402s] -- Added test 'xmllint' to check XML markup files
[0.402s] -- Configuring done
[0.403s] -- Generating done
[0.405s] -- Build files have been written to: /home/malneyugnfl/Desktop/Project-STORM-LOCAL/build/sensor_processing
[0.417s] Invoked command in '/home/malneyugnfl/Desktop/Project-STORM-LOCAL/build/sensor_processing' returned '0': CMAKE_PREFIX_PATH=/opt/ros/humble /usr/bin/cmake /home/malneyugnfl/Desktop/Project-STORM-LOCAL/src/sensor_processing -DCMAKE_INSTALL_PREFIX=/home/malneyugnfl/Desktop/Project-STORM-LOCAL/install/sensor_processing
[0.417s] Invoking command in '/home/malneyugnfl/Desktop/Project-STORM-LOCAL/build/sensor_processing': CMAKE_PREFIX_PATH=/opt/ros/humble /usr/bin/cmake --build /home/malneyugnfl/Desktop/Project-STORM-LOCAL/build/sensor_processing -- -j32 -l32
[0.445s] Invoked command in '/home/malneyugnfl/Desktop/Project-STORM-LOCAL/build/sensor_processing' returned '0': CMAKE_PREFIX_PATH=/opt/ros/humble /usr/bin/cmake --build /home/malneyugnfl/Desktop/Project-STORM-LOCAL/build/sensor_processing -- -j32 -l32
[0.447s] Invoking command in '/home/malneyugnfl/Desktop/Project-STORM-LOCAL/build/sensor_processing': CMAKE_PREFIX_PATH=/opt/ros/humble /usr/bin/cmake --install /home/malneyugnfl/Desktop/Project-STORM-LOCAL/build/sensor_processing
[0.451s] -- Install configuration: ""
[0.451s] -- Installing: /home/malneyugnfl/Desktop/Project-STORM-LOCAL/install/sensor_processing/share/ament_index/resource_index/package_run_dependencies/sensor_processing
[0.451s] -- Installing: /home/malneyugnfl/Desktop/Project-STORM-LOCAL/install/sensor_processing/share/ament_index/resource_index/parent_prefix_path/sensor_processing
[0.451s] -- Installing: /home/malneyugnfl/Desktop/Project-STORM-LOCAL/install/sensor_processing/share/sensor_processing/environment/ament_prefix_path.sh
[0.451s] -- Installing: /home/malneyugnfl/Desktop/Project-STORM-LOCAL/install/sensor_processing/share/sensor_processing/environment/ament_prefix_path.dsv
[0.451s] -- Installing: /home/malneyugnfl/Desktop/Project-STORM-LOCAL/install/sensor_processing/share/sensor_processing/environment/path.sh
[0.451s] -- Installing: /home/malneyugnfl/Desktop/Project-STORM-LOCAL/install/sensor_processing/share/sensor_processing/environment/path.dsv
[0.451s] -- Installing: /home/malneyugnfl/Desktop/Project-STORM-LOCAL/install/sensor_processing/share/sensor_processing/local_setup.bash
[0.452s] -- Installing: /home/malneyugnfl/Desktop/Project-STORM-LOCAL/install/sensor_processing/share/sensor_processing/local_setup.sh
[0.452s] -- Installing: /home/malneyugnfl/Desktop/Project-STORM-LOCAL/install/sensor_processing/share/sensor_processing/local_setup.zsh
[0.452s] -- Installing: /home/malneyugnfl/Desktop/Project-STORM-LOCAL/install/sensor_processing/share/sensor_processing/local_setup.dsv
[0.452s] -- Installing: /home/malneyugnfl/Desktop/Project-STORM-LOCAL/install/sensor_processing/share/sensor_processing/package.dsv
[0.452s] -- Installing: /home/malneyugnfl/Desktop/Project-STORM-LOCAL/install/sensor_processing/share/ament_index/resource_index/packages/sensor_processing
[0.452s] -- Installing: /home/malneyugnfl/Desktop/Project-STORM-LOCAL/install/sensor_processing/share/sensor_processing/cmake/sensor_processingConfig.cmake
[0.452s] -- Installing: /home/malneyugnfl/Desktop/Project-STORM-LOCAL/install/sensor_processing/share/sensor_processing/cmake/sensor_processingConfig-version.cmake
[0.452s] -- Installing: /home/malneyugnfl/Desktop/Project-STORM-LOCAL/install/sensor_processing/share/sensor_processing/package.xml
[0.453s] Invoked command in '/home/malneyugnfl/Desktop/Project-STORM-LOCAL/build/sensor_processing' returned '0': CMAKE_PREFIX_PATH=/opt/ros/humble /usr/bin/cmake --install /home/malneyugnfl/Desktop/Project-STORM-LOCAL/build/sensor_processing
