[0.010s] Invoking command in '/home/malneyugnfl/Desktop/Project-STORM-LOCAL/build/cpp_pubsub': CMAKE_PREFIX_PATH=/opt/ros/humble /usr/bin/cmake --build /home/malneyugnfl/Desktop/Project-STORM-LOCAL/build/cpp_pubsub -- -j32 -l32
[0.042s] [35m[1mConsolidate compiler generated dependencies of target listener[0m
[0.044s] [35m[1mConsolidate compiler generated dependencies of target talker[0m
[0.055s] [ 50%] Built target talker
[0.055s] [100%] Built target listener
[0.061s] Invoked command in '/home/malneyugnfl/Desktop/Project-STORM-LOCAL/build/cpp_pubsub' returned '0': CMAKE_PREFIX_PATH=/opt/ros/humble /usr/bin/cmake --build /home/malneyugnfl/Desktop/Project-STORM-LOCAL/build/cpp_pubsub -- -j32 -l32
[0.066s] Invoking command in '/home/malneyugnfl/Desktop/Project-STORM-LOCAL/build/cpp_pubsub': CMAKE_PREFIX_PATH=/opt/ros/humble /usr/bin/cmake --install /home/malneyugnfl/Desktop/Project-STORM-LOCAL/build/cpp_pubsub
[0.072s] -- Install configuration: ""
[0.072s] -- Up-to-date: /home/malneyugnfl/Desktop/Project-STORM-LOCAL/install/cpp_pubsub/lib/cpp_pubsub/talker
[0.072s] -- Up-to-date: /home/malneyugnfl/Desktop/Project-STORM-LOCAL/install/cpp_pubsub/lib/cpp_pubsub/talker
[0.072s] -- Up-to-date: /home/malneyugnfl/Desktop/Project-STORM-LOCAL/install/cpp_pubsub/lib/cpp_pubsub/listener
[0.073s] -- Up-to-date: /home/malneyugnfl/Desktop/Project-STORM-LOCAL/install/cpp_pubsub/share/ament_index/resource_index/package_run_dependencies/cpp_pubsub
[0.073s] -- Up-to-date: /home/malneyugnfl/Desktop/Project-STORM-LOCAL/install/cpp_pubsub/share/ament_index/resource_index/parent_prefix_path/cpp_pubsub
[0.073s] -- Up-to-date: /home/malneyugnfl/Desktop/Project-STORM-LOCAL/install/cpp_pubsub/share/cpp_pubsub/environment/ament_prefix_path.sh
[0.073s] -- Up-to-date: /home/malneyugnfl/Desktop/Project-STORM-LOCAL/install/cpp_pubsub/share/cpp_pubsub/environment/ament_prefix_path.dsv
[0.073s] -- Up-to-date: /home/malneyugnfl/Desktop/Project-STORM-LOCAL/install/cpp_pubsub/share/cpp_pubsub/environment/path.sh
[0.073s] -- Up-to-date: /home/malneyugnfl/Desktop/Project-STORM-LOCAL/install/cpp_pubsub/share/cpp_pubsub/environment/path.dsv
[0.073s] -- Up-to-date: /home/malneyugnfl/Desktop/Project-STORM-LOCAL/install/cpp_pubsub/share/cpp_pubsub/local_setup.bash
[0.073s] -- Up-to-date: /home/malneyugnfl/Desktop/Project-STORM-LOCAL/install/cpp_pubsub/share/cpp_pubsub/local_setup.sh
[0.073s] -- Up-to-date: /home/malneyugnfl/Desktop/Project-STORM-LOCAL/install/cpp_pubsub/share/cpp_pubsub/local_setup.zsh
[0.073s] -- Up-to-date: /home/malneyugnfl/Desktop/Project-STORM-LOCAL/install/cpp_pubsub/share/cpp_pubsub/local_setup.dsv
[0.073s] -- Installing: /home/malneyugnfl/Desktop/Project-STORM-LOCAL/install/cpp_pubsub/share/cpp_pubsub/package.dsv
[0.073s] -- Up-to-date: /home/malneyugnfl/Desktop/Project-STORM-LOCAL/install/cpp_pubsub/share/ament_index/resource_index/packages/cpp_pubsub
[0.073s] -- Up-to-date: /home/malneyugnfl/Desktop/Project-STORM-LOCAL/install/cpp_pubsub/share/cpp_pubsub/cmake/cpp_pubsubConfig.cmake
[0.073s] -- Up-to-date: /home/malneyugnfl/Desktop/Project-STORM-LOCAL/install/cpp_pubsub/share/cpp_pubsub/cmake/cpp_pubsubConfig-version.cmake
[0.073s] -- Up-to-date: /home/malneyugnfl/Desktop/Project-STORM-LOCAL/install/cpp_pubsub/share/cpp_pubsub/package.xml
[0.075s] Invoked command in '/home/malneyugnfl/Desktop/Project-STORM-LOCAL/build/cpp_pubsub' returned '0': CMAKE_PREFIX_PATH=/opt/ros/humble /usr/bin/cmake --install /home/malneyugnfl/Desktop/Project-STORM-LOCAL/build/cpp_pubsub
