[0.010s] Invoking command in '/home/malneyugnfl/Desktop/Project-STORM-LOCAL/build/motor_control': CMAKE_PREFIX_PATH=/opt/ros/humble /usr/bin/cmake /home/malneyugnfl/Desktop/Project-STORM-LOCAL/src/motor_control -DCMAKE_INSTALL_PREFIX=/home/malneyugnfl/Desktop/Project-STORM-LOCAL/install/motor_control
[0.048s] -- The C compiler identification is GNU 11.4.0
[0.085s] -- The CXX compiler identification is GNU 11.4.0
[0.089s] -- Detecting C compiler ABI info
[0.132s] -- Detecting C compiler ABI info - done
[0.138s] -- Check for working C compiler: /usr/bin/cc - skipped
[0.138s] -- Detecting C compile features
[0.138s] -- Detecting C compile features - done
[0.140s] -- Detecting CXX compiler ABI info
[0.192s] -- Detecting CXX compiler ABI info - done
[0.196s] -- Check for working CXX compiler: /usr/bin/c++ - skipped
[0.196s] -- Detecting CXX compile features
[0.197s] -- Detecting CXX compile features - done
[0.197s] -- Found ament_cmake: 1.3.12 (/opt/ros/humble/share/ament_cmake/cmake)
[0.282s] -- Found Python3: /usr/bin/python3 (found version "3.10.12") found components: Interpreter 
[0.327s] -- Found ament_lint_auto: 0.12.14 (/opt/ros/humble/share/ament_lint_auto/cmake)
[0.368s] -- Added test 'lint_cmake' to check CMake code style
[0.368s] -- Added test 'xmllint' to check XML markup files
[0.369s] -- Configuring done
[0.371s] -- Generating done
[0.372s] -- Build files have been written to: /home/malneyugnfl/Desktop/Project-STORM-LOCAL/build/motor_control
[0.375s] Invoked command in '/home/malneyugnfl/Desktop/Project-STORM-LOCAL/build/motor_control' returned '0': CMAKE_PREFIX_PATH=/opt/ros/humble /usr/bin/cmake /home/malneyugnfl/Desktop/Project-STORM-LOCAL/src/motor_control -DCMAKE_INSTALL_PREFIX=/home/malneyugnfl/Desktop/Project-STORM-LOCAL/install/motor_control
[0.376s] Invoking command in '/home/malneyugnfl/Desktop/Project-STORM-LOCAL/build/motor_control': CMAKE_PREFIX_PATH=/opt/ros/humble /usr/bin/cmake --build /home/malneyugnfl/Desktop/Project-STORM-LOCAL/build/motor_control -- -j32 -l32
[0.403s] Invoked command in '/home/malneyugnfl/Desktop/Project-STORM-LOCAL/build/motor_control' returned '0': CMAKE_PREFIX_PATH=/opt/ros/humble /usr/bin/cmake --build /home/malneyugnfl/Desktop/Project-STORM-LOCAL/build/motor_control -- -j32 -l32
[0.405s] Invoking command in '/home/malneyugnfl/Desktop/Project-STORM-LOCAL/build/motor_control': CMAKE_PREFIX_PATH=/opt/ros/humble /usr/bin/cmake --install /home/malneyugnfl/Desktop/Project-STORM-LOCAL/build/motor_control
[0.409s] -- Install configuration: ""
[0.409s] -- Installing: /home/malneyugnfl/Desktop/Project-STORM-LOCAL/install/motor_control/share/ament_index/resource_index/package_run_dependencies/motor_control
[0.409s] -- Installing: /home/malneyugnfl/Desktop/Project-STORM-LOCAL/install/motor_control/share/ament_index/resource_index/parent_prefix_path/motor_control
[0.409s] -- Installing: /home/malneyugnfl/Desktop/Project-STORM-LOCAL/install/motor_control/share/motor_control/environment/ament_prefix_path.sh
[0.409s] -- Installing: /home/malneyugnfl/Desktop/Project-STORM-LOCAL/install/motor_control/share/motor_control/environment/ament_prefix_path.dsv
[0.409s] -- Installing: /home/malneyugnfl/Desktop/Project-STORM-LOCAL/install/motor_control/share/motor_control/environment/path.sh
[0.409s] -- Installing: /home/malneyugnfl/Desktop/Project-STORM-LOCAL/install/motor_control/share/motor_control/environment/path.dsv
[0.409s] -- Installing: /home/malneyugnfl/Desktop/Project-STORM-LOCAL/install/motor_control/share/motor_control/local_setup.bash
[0.409s] -- Installing: /home/malneyugnfl/Desktop/Project-STORM-LOCAL/install/motor_control/share/motor_control/local_setup.sh
[0.409s] -- Installing: /home/malneyugnfl/Desktop/Project-STORM-LOCAL/install/motor_control/share/motor_control/local_setup.zsh
[0.409s] -- Installing: /home/malneyugnfl/Desktop/Project-STORM-LOCAL/install/motor_control/share/motor_control/local_setup.dsv
[0.410s] -- Installing: /home/malneyugnfl/Desktop/Project-STORM-LOCAL/install/motor_control/share/motor_control/package.dsv
[0.410s] -- Installing: /home/malneyugnfl/Desktop/Project-STORM-LOCAL/install/motor_control/share/ament_index/resource_index/packages/motor_control
[0.410s] -- Installing: /home/malneyugnfl/Desktop/Project-STORM-LOCAL/install/motor_control/share/motor_control/cmake/motor_controlConfig.cmake
[0.410s] -- Installing: /home/malneyugnfl/Desktop/Project-STORM-LOCAL/install/motor_control/share/motor_control/cmake/motor_controlConfig-version.cmake
[0.410s] -- Installing: /home/malneyugnfl/Desktop/Project-STORM-LOCAL/install/motor_control/share/motor_control/package.xml
[0.412s] Invoked command in '/home/malneyugnfl/Desktop/Project-STORM-LOCAL/build/motor_control' returned '0': CMAKE_PREFIX_PATH=/opt/ros/humble /usr/bin/cmake --install /home/malneyugnfl/Desktop/Project-STORM-LOCAL/build/motor_control
