[0.008s] Invoking command in '/home/malneyugnfl/Desktop/Project-STORM-LOCAL/build/cpp_pubsub': CMAKE_PREFIX_PATH=/opt/ros/humble /usr/bin/cmake /home/malneyugnfl/Desktop/Project-STORM-LOCAL/src/cpp_pubsub -DCMAKE_INSTALL_PREFIX=/home/malneyugnfl/Desktop/Project-STORM-LOCAL/install/cpp_pubsub
[0.019s] -- Found ament_cmake: 1.3.12 (/opt/ros/humble/share/ament_cmake/cmake)
[0.110s] -- Found rclcpp: 16.0.15 (/opt/ros/humble/share/rclcpp/cmake)
[0.131s] -- Found rosidl_generator_c: 3.1.7 (/opt/ros/humble/share/rosidl_generator_c/cmake)
[0.132s] -- Found rosidl_adapter: 3.1.7 (/opt/ros/humble/share/rosidl_adapter/cmake)
[0.135s] -- Found rosidl_generator_cpp: 3.1.7 (/opt/ros/humble/share/rosidl_generator_cpp/cmake)
[0.140s] -- Using all available rosidl_typesupport_c: rosidl_typesupport_fastrtps_c;rosidl_typesupport_introspection_c
[0.147s] -- Using all available rosidl_typesupport_cpp: rosidl_typesupport_fastrtps_cpp;rosidl_typesupport_introspection_cpp
[0.167s] -- Found rmw_implementation_cmake: 6.1.2 (/opt/ros/humble/share/rmw_implementation_cmake/cmake)
[0.168s] -- Found rmw_fastrtps_cpp: 6.2.8 (/opt/ros/humble/share/rmw_fastrtps_cpp/cmake)
[0.237s] -- Using RMW implementation 'rmw_fastrtps_cpp' as default
[0.308s] -- Configuring done
[0.314s] -- Generating done
[0.317s] -- Build files have been written to: /home/malneyugnfl/Desktop/Project-STORM-LOCAL/build/cpp_pubsub
[0.322s] Invoked command in '/home/malneyugnfl/Desktop/Project-STORM-LOCAL/build/cpp_pubsub' returned '0': CMAKE_PREFIX_PATH=/opt/ros/humble /usr/bin/cmake /home/malneyugnfl/Desktop/Project-STORM-LOCAL/src/cpp_pubsub -DCMAKE_INSTALL_PREFIX=/home/malneyugnfl/Desktop/Project-STORM-LOCAL/install/cpp_pubsub
[0.323s] Invoking command in '/home/malneyugnfl/Desktop/Project-STORM-LOCAL/build/cpp_pubsub': CMAKE_PREFIX_PATH=/opt/ros/humble /usr/bin/cmake --build /home/malneyugnfl/Desktop/Project-STORM-LOCAL/build/cpp_pubsub -- -j32 -l32
[0.358s] [ 25%] [32mBuilding CXX object CMakeFiles/talker.dir/src/publisher_member_function.cpp.o[0m
[0.360s] [ 50%] [32mBuilding CXX object CMakeFiles/listener.dir/src/subscriber_member_function.cpp.o[0m
[2.797s] [ 75%] [32m[1mLinking CXX executable talker[0m
[2.908s] [ 75%] Built target talker
[4.883s] [100%] [32m[1mLinking CXX executable listener[0m
[5.083s] [100%] Built target listener
[5.094s] Invoked command in '/home/malneyugnfl/Desktop/Project-STORM-LOCAL/build/cpp_pubsub' returned '0': CMAKE_PREFIX_PATH=/opt/ros/humble /usr/bin/cmake --build /home/malneyugnfl/Desktop/Project-STORM-LOCAL/build/cpp_pubsub -- -j32 -l32
[5.101s] Invoking command in '/home/malneyugnfl/Desktop/Project-STORM-LOCAL/build/cpp_pubsub': CMAKE_PREFIX_PATH=/opt/ros/humble /usr/bin/cmake --install /home/malneyugnfl/Desktop/Project-STORM-LOCAL/build/cpp_pubsub
[5.106s] -- Install configuration: ""
[5.106s] -- Installing: /home/malneyugnfl/Desktop/Project-STORM-LOCAL/install/cpp_pubsub/lib/cpp_pubsub/talker
[5.107s] -- Set runtime path of "/home/malneyugnfl/Desktop/Project-STORM-LOCAL/install/cpp_pubsub/lib/cpp_pubsub/talker" to ""
[5.107s] -- Up-to-date: /home/malneyugnfl/Desktop/Project-STORM-LOCAL/install/cpp_pubsub/lib/cpp_pubsub/talker
[5.107s] -- Installing: /home/malneyugnfl/Desktop/Project-STORM-LOCAL/install/cpp_pubsub/lib/cpp_pubsub/listener
[5.109s] -- Set runtime path of "/home/malneyugnfl/Desktop/Project-STORM-LOCAL/install/cpp_pubsub/lib/cpp_pubsub/listener" to ""
[5.109s] -- Installing: /home/malneyugnfl/Desktop/Project-STORM-LOCAL/install/cpp_pubsub/share/ament_index/resource_index/package_run_dependencies/cpp_pubsub
[5.109s] -- Installing: /home/malneyugnfl/Desktop/Project-STORM-LOCAL/install/cpp_pubsub/share/ament_index/resource_index/parent_prefix_path/cpp_pubsub
[5.109s] -- Installing: /home/malneyugnfl/Desktop/Project-STORM-LOCAL/install/cpp_pubsub/share/cpp_pubsub/environment/ament_prefix_path.sh
[5.109s] -- Installing: /home/malneyugnfl/Desktop/Project-STORM-LOCAL/install/cpp_pubsub/share/cpp_pubsub/environment/ament_prefix_path.dsv
[5.109s] -- Installing: /home/malneyugnfl/Desktop/Project-STORM-LOCAL/install/cpp_pubsub/share/cpp_pubsub/environment/path.sh
[5.109s] -- Installing: /home/malneyugnfl/Desktop/Project-STORM-LOCAL/install/cpp_pubsub/share/cpp_pubsub/environment/path.dsv
[5.109s] -- Installing: /home/malneyugnfl/Desktop/Project-STORM-LOCAL/install/cpp_pubsub/share/cpp_pubsub/local_setup.bash
[5.109s] -- Installing: /home/malneyugnfl/Desktop/Project-STORM-LOCAL/install/cpp_pubsub/share/cpp_pubsub/local_setup.sh
[5.109s] -- Installing: /home/malneyugnfl/Desktop/Project-STORM-LOCAL/install/cpp_pubsub/share/cpp_pubsub/local_setup.zsh
[5.109s] -- Installing: /home/malneyugnfl/Desktop/Project-STORM-LOCAL/install/cpp_pubsub/share/cpp_pubsub/local_setup.dsv
[5.109s] -- Installing: /home/malneyugnfl/Desktop/Project-STORM-LOCAL/install/cpp_pubsub/share/cpp_pubsub/package.dsv
[5.109s] -- Installing: /home/malneyugnfl/Desktop/Project-STORM-LOCAL/install/cpp_pubsub/share/ament_index/resource_index/packages/cpp_pubsub
[5.109s] -- Installing: /home/malneyugnfl/Desktop/Project-STORM-LOCAL/install/cpp_pubsub/share/cpp_pubsub/cmake/cpp_pubsubConfig.cmake
[5.109s] -- Installing: /home/malneyugnfl/Desktop/Project-STORM-LOCAL/install/cpp_pubsub/share/cpp_pubsub/cmake/cpp_pubsubConfig-version.cmake
[5.109s] -- Installing: /home/malneyugnfl/Desktop/Project-STORM-LOCAL/install/cpp_pubsub/share/cpp_pubsub/package.xml
[5.111s] Invoked command in '/home/malneyugnfl/Desktop/Project-STORM-LOCAL/build/cpp_pubsub' returned '0': CMAKE_PREFIX_PATH=/opt/ros/humble /usr/bin/cmake --install /home/malneyugnfl/Desktop/Project-STORM-LOCAL/build/cpp_pubsub
