[0.013s] Invoking command in '/home/malneyugnfl/Desktop/Project-STORM-LOCAL/build/drivetrain_interfaces': CMAKE_PREFIX_PATH=/opt/ros/humble /usr/bin/cmake /home/malneyugnfl/Desktop/Project-STORM-LOCAL/src/drivetrain_interfaces -DCMAKE_INSTALL_PREFIX=/home/malneyugnfl/Desktop/Project-STORM-LOCAL/install/drivetrain_interfaces
[0.057s] -- The C compiler identification is GNU 11.4.0
[0.089s] -- The CXX compiler identification is GNU 11.4.0
[0.093s] -- Detecting C compiler ABI info
[0.142s] -- Detecting C compiler ABI info - done
[0.148s] -- Check for working C compiler: /usr/bin/cc - skipped
[0.148s] -- Detecting C compile features
[0.149s] -- Detecting C compile features - done
[0.150s] -- Detecting CXX compiler ABI info
[0.200s] -- Detecting CXX compiler ABI info - done
[0.204s] -- Check for working CXX compiler: /usr/bin/c++ - skipped
[0.204s] -- Detecting CXX compile features
[0.204s] -- Detecting CXX compile features - done
[0.205s] -- Found ament_cmake: 1.3.12 (/opt/ros/humble/share/ament_cmake/cmake)
[0.305s] -- Found Python3: /usr/bin/python3 (found version "3.10.12") found components: Interpreter 
[0.356s] -- Found ament_lint_auto: 0.12.14 (/opt/ros/humble/share/ament_lint_auto/cmake)
[0.357s] -- Found rosidl_default_generators: 1.2.0 (/opt/ros/humble/share/rosidl_default_generators/cmake)
[0.359s] -- Using all available rosidl_typesupport_c: rosidl_typesupport_fastrtps_c;rosidl_typesupport_introspection_c
[0.362s] -- Found rosidl_adapter: 3.1.7 (/opt/ros/humble/share/rosidl_adapter/cmake)
[0.384s] -- Using all available rosidl_typesupport_cpp: rosidl_typesupport_fastrtps_cpp;rosidl_typesupport_introspection_cpp
[0.577s] -- Found ament_cmake_ros: 0.10.0 (/opt/ros/humble/share/ament_cmake_ros/cmake)
[0.730s] -- Using all available rosidl_typesupport_c: rosidl_typesupport_fastrtps_c;rosidl_typesupport_introspection_c
[0.941s] -- Using all available rosidl_typesupport_cpp: rosidl_typesupport_fastrtps_cpp;rosidl_typesupport_introspection_cpp
[0.955s] -- Found PythonInterp: /usr/bin/python3 (found suitable version "3.10.12", minimum required is "3.6") 
[0.956s] -- Found python_cmake_module: 0.10.0 (/opt/ros/humble/share/python_cmake_module/cmake)
[0.974s] -- Found PythonLibs: /usr/lib/x86_64-linux-gnu/libpython3.10.so (found suitable version "3.10.12", minimum required is "3.5") 
[0.974s] -- Using PYTHON_EXECUTABLE: /usr/bin/python3
[0.974s] -- Using PYTHON_INCLUDE_DIRS: /usr/include/python3.10
[0.974s] -- Using PYTHON_LIBRARIES: /usr/lib/x86_64-linux-gnu/libpython3.10.so
[0.987s] -- Found PythonExtra: .so  
[1.010s] -- Added test 'lint_cmake' to check CMake code style
[1.011s] -- Added test 'xmllint' to check XML markup files
[1.013s] -- Configuring done
[1.027s] -- Generating done
[1.034s] -- Build files have been written to: /home/malneyugnfl/Desktop/Project-STORM-LOCAL/build/drivetrain_interfaces
[1.038s] Invoked command in '/home/malneyugnfl/Desktop/Project-STORM-LOCAL/build/drivetrain_interfaces' returned '0': CMAKE_PREFIX_PATH=/opt/ros/humble /usr/bin/cmake /home/malneyugnfl/Desktop/Project-STORM-LOCAL/src/drivetrain_interfaces -DCMAKE_INSTALL_PREFIX=/home/malneyugnfl/Desktop/Project-STORM-LOCAL/install/drivetrain_interfaces
[1.039s] Invoking command in '/home/malneyugnfl/Desktop/Project-STORM-LOCAL/build/drivetrain_interfaces': CMAKE_PREFIX_PATH=/opt/ros/humble /usr/bin/cmake --build /home/malneyugnfl/Desktop/Project-STORM-LOCAL/build/drivetrain_interfaces -- -j32 -l32
[1.070s] [  3%] [34m[1mGenerating C code for ROS interfaces[0m
[1.077s] [  6%] [34m[1mGenerating C++ code for ROS interfaces[0m
[1.082s] [  6%] Built target ament_cmake_python_copy_drivetrain_interfaces
[1.243s] [  6%] Built target drivetrain_interfaces__cpp
[1.246s] [  9%] [32mBuilding C object CMakeFiles/drivetrain_interfaces__rosidl_generator_c.dir/rosidl_generator_c/drivetrain_interfaces/msg/detail/joystick__functions.c.o[0m
[1.251s] [ 16%] [34m[1mGenerating C++ type support for eProsima Fast-RTPS[0m
[1.251s] [ 19%] [34m[1mGenerating C++ type support dispatch for ROS interfaces[0m
[1.251s] [ 19%] [34m[1mGenerating C++ introspection for ROS interfaces[0m
[1.255s] running egg_info
[1.255s] creating drivetrain_interfaces.egg-info
[1.255s] writing drivetrain_interfaces.egg-info/PKG-INFO
[1.255s] writing dependency_links to drivetrain_interfaces.egg-info/dependency_links.txt
[1.256s] writing top-level names to drivetrain_interfaces.egg-info/top_level.txt
[1.256s] writing manifest file 'drivetrain_interfaces.egg-info/SOURCES.txt'
[1.257s] reading manifest file 'drivetrain_interfaces.egg-info/SOURCES.txt'
[1.258s] writing manifest file 'drivetrain_interfaces.egg-info/SOURCES.txt'
[1.272s] [ 19%] Built target ament_cmake_python_build_drivetrain_interfaces_egg
[1.280s] [ 22%] [32m[1mLinking C shared library libdrivetrain_interfaces__rosidl_generator_c.so[0m
[1.306s] [ 22%] Built target drivetrain_interfaces__rosidl_generator_c
[1.314s] [ 29%] [34m[1mGenerating C type support dispatch for ROS interfaces[0m
[1.314s] [ 29%] [34m[1mGenerating C type support for eProsima Fast-RTPS[0m
[1.315s] [ 32%] [34m[1mGenerating C introspection for ROS interfaces[0m
[1.414s] [ 35%] [32mBuilding CXX object CMakeFiles/drivetrain_interfaces__rosidl_typesupport_introspection_cpp.dir/rosidl_typesupport_introspection_cpp/drivetrain_interfaces/msg/detail/joystick__type_support.cpp.o[0m
[1.415s] [ 38%] [32mBuilding CXX object CMakeFiles/drivetrain_interfaces__rosidl_typesupport_cpp.dir/rosidl_typesupport_cpp/drivetrain_interfaces/msg/joystick__type_support.cpp.o[0m
[1.421s] [ 41%] [32mBuilding CXX object CMakeFiles/drivetrain_interfaces__rosidl_typesupport_fastrtps_cpp.dir/rosidl_typesupport_fastrtps_cpp/drivetrain_interfaces/msg/detail/dds_fastrtps/joystick__type_support.cpp.o[0m
[1.474s] [ 45%] [32mBuilding CXX object CMakeFiles/drivetrain_interfaces__rosidl_typesupport_c.dir/rosidl_typesupport_c/drivetrain_interfaces/msg/joystick__type_support.cpp.o[0m
[1.490s] [ 48%] [32mBuilding CXX object CMakeFiles/drivetrain_interfaces__rosidl_typesupport_fastrtps_c.dir/rosidl_typesupport_fastrtps_c/drivetrain_interfaces/msg/detail/joystick__type_support_c.cpp.o[0m
[1.493s] [ 51%] [32m[1mLinking CXX shared library libdrivetrain_interfaces__rosidl_typesupport_c.so[0m
[1.499s] [ 54%] [32mBuilding C object CMakeFiles/drivetrain_interfaces__rosidl_typesupport_introspection_c.dir/rosidl_typesupport_introspection_c/drivetrain_interfaces/msg/detail/joystick__type_support.c.o[0m
[1.518s] [ 54%] Built target drivetrain_interfaces__rosidl_typesupport_c
[1.518s] [ 58%] [32m[1mLinking C shared library libdrivetrain_interfaces__rosidl_typesupport_introspection_c.so[0m
[1.542s] [ 58%] Built target drivetrain_interfaces__rosidl_typesupport_introspection_c
[1.543s] [ 61%] [32m[1mLinking CXX shared library libdrivetrain_interfaces__rosidl_typesupport_cpp.so[0m
[1.569s] [ 61%] Built target drivetrain_interfaces__rosidl_typesupport_cpp
[1.591s] [ 64%] [32m[1mLinking CXX shared library libdrivetrain_interfaces__rosidl_typesupport_introspection_cpp.so[0m
[1.591s] [ 67%] [32m[1mLinking CXX shared library libdrivetrain_interfaces__rosidl_typesupport_fastrtps_cpp.so[0m
[1.621s] [ 67%] Built target drivetrain_interfaces__rosidl_typesupport_introspection_cpp
[1.638s] [ 67%] Built target drivetrain_interfaces__rosidl_typesupport_fastrtps_cpp
[1.673s] [ 70%] [32m[1mLinking CXX shared library libdrivetrain_interfaces__rosidl_typesupport_fastrtps_c.so[0m
[1.723s] [ 70%] Built target drivetrain_interfaces__rosidl_typesupport_fastrtps_c
[1.742s] [ 70%] Built target drivetrain_interfaces
[1.772s] [ 74%] [34m[1mGenerating Python code for ROS interfaces[0m
[1.993s] [ 74%] Built target drivetrain_interfaces__py
[2.010s] [ 77%] [32mBuilding C object CMakeFiles/drivetrain_interfaces__rosidl_generator_py.dir/rosidl_generator_py/drivetrain_interfaces/msg/_joystick_s.c.o[0m
[2.093s] [ 80%] [32m[1mLinking C shared library rosidl_generator_py/drivetrain_interfaces/libdrivetrain_interfaces__rosidl_generator_py.so[0m
[2.120s] [ 80%] Built target drivetrain_interfaces__rosidl_generator_py
[2.143s] [ 83%] [32mBuilding C object CMakeFiles/drivetrain_interfaces__rosidl_typesupport_fastrtps_c__pyext.dir/rosidl_generator_py/drivetrain_interfaces/_drivetrain_interfaces_s.ep.rosidl_typesupport_fastrtps_c.c.o[0m
[2.144s] [ 90%] [32mBuilding C object CMakeFiles/drivetrain_interfaces__rosidl_typesupport_c__pyext.dir/rosidl_generator_py/drivetrain_interfaces/_drivetrain_interfaces_s.ep.rosidl_typesupport_c.c.o[0m
[2.145s] [ 90%] [32mBuilding C object CMakeFiles/drivetrain_interfaces__rosidl_typesupport_introspection_c__pyext.dir/rosidl_generator_py/drivetrain_interfaces/_drivetrain_interfaces_s.ep.rosidl_typesupport_introspection_c.c.o[0m
[2.199s] [ 93%] [32m[1mLinking C shared library rosidl_generator_py/drivetrain_interfaces/drivetrain_interfaces_s__rosidl_typesupport_c.cpython-310-x86_64-linux-gnu.so[0m
[2.200s] [ 96%] [32m[1mLinking C shared library rosidl_generator_py/drivetrain_interfaces/drivetrain_interfaces_s__rosidl_typesupport_fastrtps_c.cpython-310-x86_64-linux-gnu.so[0m
[2.201s] [100%] [32m[1mLinking C shared library rosidl_generator_py/drivetrain_interfaces/drivetrain_interfaces_s__rosidl_typesupport_introspection_c.cpython-310-x86_64-linux-gnu.so[0m
[2.219s] [100%] Built target drivetrain_interfaces__rosidl_typesupport_c__pyext
[2.220s] [100%] Built target drivetrain_interfaces__rosidl_typesupport_introspection_c__pyext
[2.221s] [100%] Built target drivetrain_interfaces__rosidl_typesupport_fastrtps_c__pyext
[2.233s] Invoked command in '/home/malneyugnfl/Desktop/Project-STORM-LOCAL/build/drivetrain_interfaces' returned '0': CMAKE_PREFIX_PATH=/opt/ros/humble /usr/bin/cmake --build /home/malneyugnfl/Desktop/Project-STORM-LOCAL/build/drivetrain_interfaces -- -j32 -l32
[2.235s] Invoking command in '/home/malneyugnfl/Desktop/Project-STORM-LOCAL/build/drivetrain_interfaces': CMAKE_PREFIX_PATH=/opt/ros/humble /usr/bin/cmake --install /home/malneyugnfl/Desktop/Project-STORM-LOCAL/build/drivetrain_interfaces
[2.241s] -- Install configuration: ""
[2.241s] -- Installing: /home/malneyugnfl/Desktop/Project-STORM-LOCAL/install/drivetrain_interfaces/share/ament_index/resource_index/rosidl_interfaces/drivetrain_interfaces
[2.241s] -- Installing: /home/malneyugnfl/Desktop/Project-STORM-LOCAL/install/drivetrain_interfaces/include/drivetrain_interfaces/drivetrain_interfaces
[2.241s] -- Installing: /home/malneyugnfl/Desktop/Project-STORM-LOCAL/install/drivetrain_interfaces/include/drivetrain_interfaces/drivetrain_interfaces/msg
[2.241s] -- Installing: /home/malneyugnfl/Desktop/Project-STORM-LOCAL/install/drivetrain_interfaces/include/drivetrain_interfaces/drivetrain_interfaces/msg/joystick.h
[2.241s] -- Installing: /home/malneyugnfl/Desktop/Project-STORM-LOCAL/install/drivetrain_interfaces/include/drivetrain_interfaces/drivetrain_interfaces/msg/detail
[2.242s] -- Installing: /home/malneyugnfl/Desktop/Project-STORM-LOCAL/install/drivetrain_interfaces/include/drivetrain_interfaces/drivetrain_interfaces/msg/detail/joystick__struct.h
[2.242s] -- Installing: /home/malneyugnfl/Desktop/Project-STORM-LOCAL/install/drivetrain_interfaces/include/drivetrain_interfaces/drivetrain_interfaces/msg/detail/joystick__functions.h
[2.242s] -- Installing: /home/malneyugnfl/Desktop/Project-STORM-LOCAL/install/drivetrain_interfaces/include/drivetrain_interfaces/drivetrain_interfaces/msg/detail/joystick__type_support.h
[2.242s] -- Installing: /home/malneyugnfl/Desktop/Project-STORM-LOCAL/install/drivetrain_interfaces/include/drivetrain_interfaces/drivetrain_interfaces/msg/detail/joystick__functions.c
[2.242s] -- Installing: /home/malneyugnfl/Desktop/Project-STORM-LOCAL/install/drivetrain_interfaces/include/drivetrain_interfaces/drivetrain_interfaces/msg/rosidl_generator_c__visibility_control.h
[2.242s] -- Installing: /home/malneyugnfl/Desktop/Project-STORM-LOCAL/install/drivetrain_interfaces/share/drivetrain_interfaces/environment/library_path.sh
[2.242s] -- Installing: /home/malneyugnfl/Desktop/Project-STORM-LOCAL/install/drivetrain_interfaces/share/drivetrain_interfaces/environment/library_path.dsv
[2.242s] -- Installing: /home/malneyugnfl/Desktop/Project-STORM-LOCAL/install/drivetrain_interfaces/lib/libdrivetrain_interfaces__rosidl_generator_c.so
[2.242s] -- Set runtime path of "/home/malneyugnfl/Desktop/Project-STORM-LOCAL/install/drivetrain_interfaces/lib/libdrivetrain_interfaces__rosidl_generator_c.so" to ""
[2.242s] -- Up-to-date: /home/malneyugnfl/Desktop/Project-STORM-LOCAL/install/drivetrain_interfaces/include/drivetrain_interfaces/drivetrain_interfaces
[2.242s] -- Up-to-date: /home/malneyugnfl/Desktop/Project-STORM-LOCAL/install/drivetrain_interfaces/include/drivetrain_interfaces/drivetrain_interfaces/msg
[2.242s] -- Up-to-date: /home/malneyugnfl/Desktop/Project-STORM-LOCAL/install/drivetrain_interfaces/include/drivetrain_interfaces/drivetrain_interfaces/msg/detail
[2.242s] -- Installing: /home/malneyugnfl/Desktop/Project-STORM-LOCAL/install/drivetrain_interfaces/include/drivetrain_interfaces/drivetrain_interfaces/msg/detail/joystick__rosidl_typesupport_fastrtps_c.h
[2.242s] -- Installing: /home/malneyugnfl/Desktop/Project-STORM-LOCAL/install/drivetrain_interfaces/include/drivetrain_interfaces/drivetrain_interfaces/msg/rosidl_typesupport_fastrtps_c__visibility_control.h
[2.243s] -- Installing: /home/malneyugnfl/Desktop/Project-STORM-LOCAL/install/drivetrain_interfaces/lib/libdrivetrain_interfaces__rosidl_typesupport_fastrtps_c.so
[2.243s] -- Set runtime path of "/home/malneyugnfl/Desktop/Project-STORM-LOCAL/install/drivetrain_interfaces/lib/libdrivetrain_interfaces__rosidl_typesupport_fastrtps_c.so" to ""
[2.243s] -- Up-to-date: /home/malneyugnfl/Desktop/Project-STORM-LOCAL/install/drivetrain_interfaces/include/drivetrain_interfaces/drivetrain_interfaces
[2.243s] -- Up-to-date: /home/malneyugnfl/Desktop/Project-STORM-LOCAL/install/drivetrain_interfaces/include/drivetrain_interfaces/drivetrain_interfaces/msg
[2.243s] -- Up-to-date: /home/malneyugnfl/Desktop/Project-STORM-LOCAL/install/drivetrain_interfaces/include/drivetrain_interfaces/drivetrain_interfaces/msg/detail
[2.243s] -- Installing: /home/malneyugnfl/Desktop/Project-STORM-LOCAL/install/drivetrain_interfaces/include/drivetrain_interfaces/drivetrain_interfaces/msg/detail/joystick__type_support.c
[2.243s] -- Installing: /home/malneyugnfl/Desktop/Project-STORM-LOCAL/install/drivetrain_interfaces/include/drivetrain_interfaces/drivetrain_interfaces/msg/detail/joystick__rosidl_typesupport_introspection_c.h
[2.243s] -- Installing: /home/malneyugnfl/Desktop/Project-STORM-LOCAL/install/drivetrain_interfaces/include/drivetrain_interfaces/drivetrain_interfaces/msg/rosidl_typesupport_introspection_c__visibility_control.h
[2.243s] -- Installing: /home/malneyugnfl/Desktop/Project-STORM-LOCAL/install/drivetrain_interfaces/lib/libdrivetrain_interfaces__rosidl_typesupport_introspection_c.so
[2.243s] -- Set runtime path of "/home/malneyugnfl/Desktop/Project-STORM-LOCAL/install/drivetrain_interfaces/lib/libdrivetrain_interfaces__rosidl_typesupport_introspection_c.so" to ""
[2.243s] -- Installing: /home/malneyugnfl/Desktop/Project-STORM-LOCAL/install/drivetrain_interfaces/lib/libdrivetrain_interfaces__rosidl_typesupport_c.so
[2.243s] -- Set runtime path of "/home/malneyugnfl/Desktop/Project-STORM-LOCAL/install/drivetrain_interfaces/lib/libdrivetrain_interfaces__rosidl_typesupport_c.so" to ""
[2.243s] -- Up-to-date: /home/malneyugnfl/Desktop/Project-STORM-LOCAL/install/drivetrain_interfaces/include/drivetrain_interfaces/drivetrain_interfaces
[2.243s] -- Up-to-date: /home/malneyugnfl/Desktop/Project-STORM-LOCAL/install/drivetrain_interfaces/include/drivetrain_interfaces/drivetrain_interfaces/msg
[2.243s] -- Up-to-date: /home/malneyugnfl/Desktop/Project-STORM-LOCAL/install/drivetrain_interfaces/include/drivetrain_interfaces/drivetrain_interfaces/msg/detail
[2.243s] -- Installing: /home/malneyugnfl/Desktop/Project-STORM-LOCAL/install/drivetrain_interfaces/include/drivetrain_interfaces/drivetrain_interfaces/msg/detail/joystick__struct.hpp
[2.243s] -- Installing: /home/malneyugnfl/Desktop/Project-STORM-LOCAL/install/drivetrain_interfaces/include/drivetrain_interfaces/drivetrain_interfaces/msg/detail/joystick__traits.hpp
[2.243s] -- Installing: /home/malneyugnfl/Desktop/Project-STORM-LOCAL/install/drivetrain_interfaces/include/drivetrain_interfaces/drivetrain_interfaces/msg/detail/joystick__type_support.hpp
[2.243s] -- Installing: /home/malneyugnfl/Desktop/Project-STORM-LOCAL/install/drivetrain_interfaces/include/drivetrain_interfaces/drivetrain_interfaces/msg/detail/joystick__builder.hpp
[2.243s] -- Installing: /home/malneyugnfl/Desktop/Project-STORM-LOCAL/install/drivetrain_interfaces/include/drivetrain_interfaces/drivetrain_interfaces/msg/rosidl_generator_cpp__visibility_control.hpp
[2.244s] -- Installing: /home/malneyugnfl/Desktop/Project-STORM-LOCAL/install/drivetrain_interfaces/include/drivetrain_interfaces/drivetrain_interfaces/msg/joystick.hpp
[2.244s] -- Up-to-date: /home/malneyugnfl/Desktop/Project-STORM-LOCAL/install/drivetrain_interfaces/include/drivetrain_interfaces/drivetrain_interfaces
[2.244s] -- Up-to-date: /home/malneyugnfl/Desktop/Project-STORM-LOCAL/install/drivetrain_interfaces/include/drivetrain_interfaces/drivetrain_interfaces/msg
[2.244s] -- Up-to-date: /home/malneyugnfl/Desktop/Project-STORM-LOCAL/install/drivetrain_interfaces/include/drivetrain_interfaces/drivetrain_interfaces/msg/detail
[2.244s] -- Installing: /home/malneyugnfl/Desktop/Project-STORM-LOCAL/install/drivetrain_interfaces/include/drivetrain_interfaces/drivetrain_interfaces/msg/detail/dds_fastrtps
[2.244s] -- Installing: /home/malneyugnfl/Desktop/Project-STORM-LOCAL/install/drivetrain_interfaces/include/drivetrain_interfaces/drivetrain_interfaces/msg/detail/joystick__rosidl_typesupport_fastrtps_cpp.hpp
[2.244s] -- Installing: /home/malneyugnfl/Desktop/Project-STORM-LOCAL/install/drivetrain_interfaces/include/drivetrain_interfaces/drivetrain_interfaces/msg/rosidl_typesupport_fastrtps_cpp__visibility_control.h
[2.244s] -- Installing: /home/malneyugnfl/Desktop/Project-STORM-LOCAL/install/drivetrain_interfaces/lib/libdrivetrain_interfaces__rosidl_typesupport_fastrtps_cpp.so
[2.244s] -- Set runtime path of "/home/malneyugnfl/Desktop/Project-STORM-LOCAL/install/drivetrain_interfaces/lib/libdrivetrain_interfaces__rosidl_typesupport_fastrtps_cpp.so" to ""
[2.244s] -- Up-to-date: /home/malneyugnfl/Desktop/Project-STORM-LOCAL/install/drivetrain_interfaces/include/drivetrain_interfaces/drivetrain_interfaces
[2.244s] -- Up-to-date: /home/malneyugnfl/Desktop/Project-STORM-LOCAL/install/drivetrain_interfaces/include/drivetrain_interfaces/drivetrain_interfaces/msg
[2.244s] -- Up-to-date: /home/malneyugnfl/Desktop/Project-STORM-LOCAL/install/drivetrain_interfaces/include/drivetrain_interfaces/drivetrain_interfaces/msg/detail
[2.244s] -- Installing: /home/malneyugnfl/Desktop/Project-STORM-LOCAL/install/drivetrain_interfaces/include/drivetrain_interfaces/drivetrain_interfaces/msg/detail/joystick__rosidl_typesupport_introspection_cpp.hpp
[2.244s] -- Installing: /home/malneyugnfl/Desktop/Project-STORM-LOCAL/install/drivetrain_interfaces/include/drivetrain_interfaces/drivetrain_interfaces/msg/detail/joystick__type_support.cpp
[2.244s] -- Installing: /home/malneyugnfl/Desktop/Project-STORM-LOCAL/install/drivetrain_interfaces/lib/libdrivetrain_interfaces__rosidl_typesupport_introspection_cpp.so
[2.244s] -- Set runtime path of "/home/malneyugnfl/Desktop/Project-STORM-LOCAL/install/drivetrain_interfaces/lib/libdrivetrain_interfaces__rosidl_typesupport_introspection_cpp.so" to ""
[2.245s] -- Installing: /home/malneyugnfl/Desktop/Project-STORM-LOCAL/install/drivetrain_interfaces/lib/libdrivetrain_interfaces__rosidl_typesupport_cpp.so
[2.245s] -- Set runtime path of "/home/malneyugnfl/Desktop/Project-STORM-LOCAL/install/drivetrain_interfaces/lib/libdrivetrain_interfaces__rosidl_typesupport_cpp.so" to ""
[2.245s] -- Installing: /home/malneyugnfl/Desktop/Project-STORM-LOCAL/install/drivetrain_interfaces/share/drivetrain_interfaces/environment/pythonpath.sh
[2.245s] -- Installing: /home/malneyugnfl/Desktop/Project-STORM-LOCAL/install/drivetrain_interfaces/share/drivetrain_interfaces/environment/pythonpath.dsv
[2.245s] -- Installing: /home/malneyugnfl/Desktop/Project-STORM-LOCAL/install/drivetrain_interfaces/local/lib/python3.10/dist-packages/drivetrain_interfaces-0.0.0-py3.10.egg-info
[2.245s] -- Installing: /home/malneyugnfl/Desktop/Project-STORM-LOCAL/install/drivetrain_interfaces/local/lib/python3.10/dist-packages/drivetrain_interfaces-0.0.0-py3.10.egg-info/top_level.txt
[2.245s] -- Installing: /home/malneyugnfl/Desktop/Project-STORM-LOCAL/install/drivetrain_interfaces/local/lib/python3.10/dist-packages/drivetrain_interfaces-0.0.0-py3.10.egg-info/SOURCES.txt
[2.245s] -- Installing: /home/malneyugnfl/Desktop/Project-STORM-LOCAL/install/drivetrain_interfaces/local/lib/python3.10/dist-packages/drivetrain_interfaces-0.0.0-py3.10.egg-info/PKG-INFO
[2.245s] -- Installing: /home/malneyugnfl/Desktop/Project-STORM-LOCAL/install/drivetrain_interfaces/local/lib/python3.10/dist-packages/drivetrain_interfaces-0.0.0-py3.10.egg-info/dependency_links.txt
[2.245s] -- Installing: /home/malneyugnfl/Desktop/Project-STORM-LOCAL/install/drivetrain_interfaces/local/lib/python3.10/dist-packages/drivetrain_interfaces
[2.245s] -- Installing: /home/malneyugnfl/Desktop/Project-STORM-LOCAL/install/drivetrain_interfaces/local/lib/python3.10/dist-packages/drivetrain_interfaces/_drivetrain_interfaces_s.ep.rosidl_typesupport_introspection_c.c
[2.245s] -- Installing: /home/malneyugnfl/Desktop/Project-STORM-LOCAL/install/drivetrain_interfaces/local/lib/python3.10/dist-packages/drivetrain_interfaces/msg
[2.245s] -- Installing: /home/malneyugnfl/Desktop/Project-STORM-LOCAL/install/drivetrain_interfaces/local/lib/python3.10/dist-packages/drivetrain_interfaces/msg/_joystick_s.c
[2.245s] -- Installing: /home/malneyugnfl/Desktop/Project-STORM-LOCAL/install/drivetrain_interfaces/local/lib/python3.10/dist-packages/drivetrain_interfaces/msg/__init__.py
[2.245s] -- Installing: /home/malneyugnfl/Desktop/Project-STORM-LOCAL/install/drivetrain_interfaces/local/lib/python3.10/dist-packages/drivetrain_interfaces/msg/_joystick.py
[2.245s] -- Installing: /home/malneyugnfl/Desktop/Project-STORM-LOCAL/install/drivetrain_interfaces/local/lib/python3.10/dist-packages/drivetrain_interfaces/drivetrain_interfaces_s__rosidl_typesupport_c.cpython-310-x86_64-linux-gnu.so
[2.245s] -- Installing: /home/malneyugnfl/Desktop/Project-STORM-LOCAL/install/drivetrain_interfaces/local/lib/python3.10/dist-packages/drivetrain_interfaces/drivetrain_interfaces_s__rosidl_typesupport_fastrtps_c.cpython-310-x86_64-linux-gnu.so
[2.246s] -- Installing: /home/malneyugnfl/Desktop/Project-STORM-LOCAL/install/drivetrain_interfaces/local/lib/python3.10/dist-packages/drivetrain_interfaces/_drivetrain_interfaces_s.ep.rosidl_typesupport_fastrtps_c.c
[2.246s] -- Installing: /home/malneyugnfl/Desktop/Project-STORM-LOCAL/install/drivetrain_interfaces/local/lib/python3.10/dist-packages/drivetrain_interfaces/__init__.py
[2.246s] -- Installing: /home/malneyugnfl/Desktop/Project-STORM-LOCAL/install/drivetrain_interfaces/local/lib/python3.10/dist-packages/drivetrain_interfaces/libdrivetrain_interfaces__rosidl_generator_py.so
[2.246s] -- Installing: /home/malneyugnfl/Desktop/Project-STORM-LOCAL/install/drivetrain_interfaces/local/lib/python3.10/dist-packages/drivetrain_interfaces/_drivetrain_interfaces_s.ep.rosidl_typesupport_c.c
[2.246s] -- Installing: /home/malneyugnfl/Desktop/Project-STORM-LOCAL/install/drivetrain_interfaces/local/lib/python3.10/dist-packages/drivetrain_interfaces/drivetrain_interfaces_s__rosidl_typesupport_introspection_c.cpython-310-x86_64-linux-gnu.so
[2.264s] Listing '/home/malneyugnfl/Desktop/Project-STORM-LOCAL/install/drivetrain_interfaces/local/lib/python3.10/dist-packages/drivetrain_interfaces'...
[2.264s] Compiling '/home/malneyugnfl/Desktop/Project-STORM-LOCAL/install/drivetrain_interfaces/local/lib/python3.10/dist-packages/drivetrain_interfaces/__init__.py'...
[2.264s] Listing '/home/malneyugnfl/Desktop/Project-STORM-LOCAL/install/drivetrain_interfaces/local/lib/python3.10/dist-packages/drivetrain_interfaces/msg'...
[2.264s] Compiling '/home/malneyugnfl/Desktop/Project-STORM-LOCAL/install/drivetrain_interfaces/local/lib/python3.10/dist-packages/drivetrain_interfaces/msg/__init__.py'...
[2.264s] Compiling '/home/malneyugnfl/Desktop/Project-STORM-LOCAL/install/drivetrain_interfaces/local/lib/python3.10/dist-packages/drivetrain_interfaces/msg/_joystick.py'...
[2.266s] -- Installing: /home/malneyugnfl/Desktop/Project-STORM-LOCAL/install/drivetrain_interfaces/local/lib/python3.10/dist-packages/drivetrain_interfaces/drivetrain_interfaces_s__rosidl_typesupport_fastrtps_c.cpython-310-x86_64-linux-gnu.so
[2.266s] -- Set runtime path of "/home/malneyugnfl/Desktop/Project-STORM-LOCAL/install/drivetrain_interfaces/local/lib/python3.10/dist-packages/drivetrain_interfaces/drivetrain_interfaces_s__rosidl_typesupport_fastrtps_c.cpython-310-x86_64-linux-gnu.so" to ""
[2.266s] -- Installing: /home/malneyugnfl/Desktop/Project-STORM-LOCAL/install/drivetrain_interfaces/local/lib/python3.10/dist-packages/drivetrain_interfaces/drivetrain_interfaces_s__rosidl_typesupport_introspection_c.cpython-310-x86_64-linux-gnu.so
[2.266s] -- Set runtime path of "/home/malneyugnfl/Desktop/Project-STORM-LOCAL/install/drivetrain_interfaces/local/lib/python3.10/dist-packages/drivetrain_interfaces/drivetrain_interfaces_s__rosidl_typesupport_introspection_c.cpython-310-x86_64-linux-gnu.so" to ""
[2.266s] -- Installing: /home/malneyugnfl/Desktop/Project-STORM-LOCAL/install/drivetrain_interfaces/local/lib/python3.10/dist-packages/drivetrain_interfaces/drivetrain_interfaces_s__rosidl_typesupport_c.cpython-310-x86_64-linux-gnu.so
[2.266s] -- Set runtime path of "/home/malneyugnfl/Desktop/Project-STORM-LOCAL/install/drivetrain_interfaces/local/lib/python3.10/dist-packages/drivetrain_interfaces/drivetrain_interfaces_s__rosidl_typesupport_c.cpython-310-x86_64-linux-gnu.so" to ""
[2.267s] -- Installing: /home/malneyugnfl/Desktop/Project-STORM-LOCAL/install/drivetrain_interfaces/lib/libdrivetrain_interfaces__rosidl_generator_py.so
[2.267s] -- Set runtime path of "/home/malneyugnfl/Desktop/Project-STORM-LOCAL/install/drivetrain_interfaces/lib/libdrivetrain_interfaces__rosidl_generator_py.so" to ""
[2.267s] -- Installing: /home/malneyugnfl/Desktop/Project-STORM-LOCAL/install/drivetrain_interfaces/share/drivetrain_interfaces/msg/Joystick.idl
[2.267s] -- Installing: /home/malneyugnfl/Desktop/Project-STORM-LOCAL/install/drivetrain_interfaces/share/drivetrain_interfaces/msg/Joystick.msg
[2.267s] -- Installing: /home/malneyugnfl/Desktop/Project-STORM-LOCAL/install/drivetrain_interfaces/share/ament_index/resource_index/package_run_dependencies/drivetrain_interfaces
[2.267s] -- Installing: /home/malneyugnfl/Desktop/Project-STORM-LOCAL/install/drivetrain_interfaces/share/ament_index/resource_index/parent_prefix_path/drivetrain_interfaces
[2.267s] -- Installing: /home/malneyugnfl/Desktop/Project-STORM-LOCAL/install/drivetrain_interfaces/share/drivetrain_interfaces/environment/ament_prefix_path.sh
[2.267s] -- Installing: /home/malneyugnfl/Desktop/Project-STORM-LOCAL/install/drivetrain_interfaces/share/drivetrain_interfaces/environment/ament_prefix_path.dsv
[2.267s] -- Installing: /home/malneyugnfl/Desktop/Project-STORM-LOCAL/install/drivetrain_interfaces/share/drivetrain_interfaces/environment/path.sh
[2.267s] -- Installing: /home/malneyugnfl/Desktop/Project-STORM-LOCAL/install/drivetrain_interfaces/share/drivetrain_interfaces/environment/path.dsv
[2.267s] -- Installing: /home/malneyugnfl/Desktop/Project-STORM-LOCAL/install/drivetrain_interfaces/share/drivetrain_interfaces/local_setup.bash
[2.267s] -- Installing: /home/malneyugnfl/Desktop/Project-STORM-LOCAL/install/drivetrain_interfaces/share/drivetrain_interfaces/local_setup.sh
[2.267s] -- Installing: /home/malneyugnfl/Desktop/Project-STORM-LOCAL/install/drivetrain_interfaces/share/drivetrain_interfaces/local_setup.zsh
[2.267s] -- Installing: /home/malneyugnfl/Desktop/Project-STORM-LOCAL/install/drivetrain_interfaces/share/drivetrain_interfaces/local_setup.dsv
[2.267s] -- Installing: /home/malneyugnfl/Desktop/Project-STORM-LOCAL/install/drivetrain_interfaces/share/drivetrain_interfaces/package.dsv
[2.268s] -- Installing: /home/malneyugnfl/Desktop/Project-STORM-LOCAL/install/drivetrain_interfaces/share/ament_index/resource_index/packages/drivetrain_interfaces
[2.268s] -- Installing: /home/malneyugnfl/Desktop/Project-STORM-LOCAL/install/drivetrain_interfaces/share/drivetrain_interfaces/cmake/export_drivetrain_interfaces__rosidl_generator_cExport.cmake
[2.268s] -- Installing: /home/malneyugnfl/Desktop/Project-STORM-LOCAL/install/drivetrain_interfaces/share/drivetrain_interfaces/cmake/export_drivetrain_interfaces__rosidl_generator_cExport-noconfig.cmake
[2.268s] -- Installing: /home/malneyugnfl/Desktop/Project-STORM-LOCAL/install/drivetrain_interfaces/share/drivetrain_interfaces/cmake/export_drivetrain_interfaces__rosidl_typesupport_fastrtps_cExport.cmake
[2.268s] -- Installing: /home/malneyugnfl/Desktop/Project-STORM-LOCAL/install/drivetrain_interfaces/share/drivetrain_interfaces/cmake/export_drivetrain_interfaces__rosidl_typesupport_fastrtps_cExport-noconfig.cmake
[2.268s] -- Installing: /home/malneyugnfl/Desktop/Project-STORM-LOCAL/install/drivetrain_interfaces/share/drivetrain_interfaces/cmake/drivetrain_interfaces__rosidl_typesupport_introspection_cExport.cmake
[2.268s] -- Installing: /home/malneyugnfl/Desktop/Project-STORM-LOCAL/install/drivetrain_interfaces/share/drivetrain_interfaces/cmake/drivetrain_interfaces__rosidl_typesupport_introspection_cExport-noconfig.cmake
[2.268s] -- Installing: /home/malneyugnfl/Desktop/Project-STORM-LOCAL/install/drivetrain_interfaces/share/drivetrain_interfaces/cmake/drivetrain_interfaces__rosidl_typesupport_cExport.cmake
[2.268s] -- Installing: /home/malneyugnfl/Desktop/Project-STORM-LOCAL/install/drivetrain_interfaces/share/drivetrain_interfaces/cmake/drivetrain_interfaces__rosidl_typesupport_cExport-noconfig.cmake
[2.268s] -- Installing: /home/malneyugnfl/Desktop/Project-STORM-LOCAL/install/drivetrain_interfaces/share/drivetrain_interfaces/cmake/export_drivetrain_interfaces__rosidl_generator_cppExport.cmake
[2.268s] -- Installing: /home/malneyugnfl/Desktop/Project-STORM-LOCAL/install/drivetrain_interfaces/share/drivetrain_interfaces/cmake/export_drivetrain_interfaces__rosidl_typesupport_fastrtps_cppExport.cmake
[2.268s] -- Installing: /home/malneyugnfl/Desktop/Project-STORM-LOCAL/install/drivetrain_interfaces/share/drivetrain_interfaces/cmake/export_drivetrain_interfaces__rosidl_typesupport_fastrtps_cppExport-noconfig.cmake
[2.268s] -- Installing: /home/malneyugnfl/Desktop/Project-STORM-LOCAL/install/drivetrain_interfaces/share/drivetrain_interfaces/cmake/drivetrain_interfaces__rosidl_typesupport_introspection_cppExport.cmake
[2.268s] -- Installing: /home/malneyugnfl/Desktop/Project-STORM-LOCAL/install/drivetrain_interfaces/share/drivetrain_interfaces/cmake/drivetrain_interfaces__rosidl_typesupport_introspection_cppExport-noconfig.cmake
[2.268s] -- Installing: /home/malneyugnfl/Desktop/Project-STORM-LOCAL/install/drivetrain_interfaces/share/drivetrain_interfaces/cmake/drivetrain_interfaces__rosidl_typesupport_cppExport.cmake
[2.268s] -- Installing: /home/malneyugnfl/Desktop/Project-STORM-LOCAL/install/drivetrain_interfaces/share/drivetrain_interfaces/cmake/drivetrain_interfaces__rosidl_typesupport_cppExport-noconfig.cmake
[2.268s] -- Installing: /home/malneyugnfl/Desktop/Project-STORM-LOCAL/install/drivetrain_interfaces/share/drivetrain_interfaces/cmake/export_drivetrain_interfaces__rosidl_generator_pyExport.cmake
[2.268s] -- Installing: /home/malneyugnfl/Desktop/Project-STORM-LOCAL/install/drivetrain_interfaces/share/drivetrain_interfaces/cmake/export_drivetrain_interfaces__rosidl_generator_pyExport-noconfig.cmake
[2.268s] -- Installing: /home/malneyugnfl/Desktop/Project-STORM-LOCAL/install/drivetrain_interfaces/share/drivetrain_interfaces/cmake/rosidl_cmake-extras.cmake
[2.268s] -- Installing: /home/malneyugnfl/Desktop/Project-STORM-LOCAL/install/drivetrain_interfaces/share/drivetrain_interfaces/cmake/ament_cmake_export_include_directories-extras.cmake
[2.268s] -- Installing: /home/malneyugnfl/Desktop/Project-STORM-LOCAL/install/drivetrain_interfaces/share/drivetrain_interfaces/cmake/ament_cmake_export_libraries-extras.cmake
[2.268s] -- Installing: /home/malneyugnfl/Desktop/Project-STORM-LOCAL/install/drivetrain_interfaces/share/drivetrain_interfaces/cmake/ament_cmake_export_targets-extras.cmake
[2.268s] -- Installing: /home/malneyugnfl/Desktop/Project-STORM-LOCAL/install/drivetrain_interfaces/share/drivetrain_interfaces/cmake/rosidl_cmake_export_typesupport_targets-extras.cmake
[2.268s] -- Installing: /home/malneyugnfl/Desktop/Project-STORM-LOCAL/install/drivetrain_interfaces/share/drivetrain_interfaces/cmake/ament_cmake_export_dependencies-extras.cmake
[2.269s] -- Installing: /home/malneyugnfl/Desktop/Project-STORM-LOCAL/install/drivetrain_interfaces/share/drivetrain_interfaces/cmake/rosidl_cmake_export_typesupport_libraries-extras.cmake
[2.269s] -- Installing: /home/malneyugnfl/Desktop/Project-STORM-LOCAL/install/drivetrain_interfaces/share/drivetrain_interfaces/cmake/drivetrain_interfacesConfig.cmake
[2.269s] -- Installing: /home/malneyugnfl/Desktop/Project-STORM-LOCAL/install/drivetrain_interfaces/share/drivetrain_interfaces/cmake/drivetrain_interfacesConfig-version.cmake
[2.269s] -- Installing: /home/malneyugnfl/Desktop/Project-STORM-LOCAL/install/drivetrain_interfaces/share/drivetrain_interfaces/package.xml
[2.270s] Invoked command in '/home/malneyugnfl/Desktop/Project-STORM-LOCAL/build/drivetrain_interfaces' returned '0': CMAKE_PREFIX_PATH=/opt/ros/humble /usr/bin/cmake --install /home/malneyugnfl/Desktop/Project-STORM-LOCAL/build/drivetrain_interfaces
