[0.012s] Invoking command in '/home/malneyugnfl/Desktop/Project-STORM-LOCAL/build/robot_bringup': CMAKE_PREFIX_PATH=/opt/ros/humble /usr/bin/cmake /home/malneyugnfl/Desktop/Project-STORM-LOCAL/src/robot_bringup -DCMAKE_INSTALL_PREFIX=/home/malneyugnfl/Desktop/Project-STORM-LOCAL/install/robot_bringup
[0.047s] -- The C compiler identification is GNU 11.4.0
[0.083s] -- The CXX compiler identification is GNU 11.4.0
[0.087s] -- Detecting C compiler ABI info
[0.132s] -- Detecting C compiler ABI info - done
[0.136s] -- Check for working C compiler: /usr/bin/cc - skipped
[0.136s] -- Detecting C compile features
[0.136s] -- Detecting C compile features - done
[0.138s] -- Detecting CXX compiler ABI info
[0.188s] -- Detecting CXX compiler ABI info - done
[0.192s] -- Check for working CXX compiler: /usr/bin/c++ - skipped
[0.192s] -- Detecting CXX compile features
[0.192s] -- Detecting CXX compile features - done
[0.193s] -- Found ament_cmake: 1.3.12 (/opt/ros/humble/share/ament_cmake/cmake)
[0.288s] -- Found Python3: /usr/bin/python3 (found version "3.10.12") found components: Interpreter 
[0.334s] -- Found ament_lint_auto: 0.12.14 (/opt/ros/humble/share/ament_lint_auto/cmake)
[0.375s] -- Added test 'lint_cmake' to check CMake code style
[0.375s] -- Added test 'xmllint' to check XML markup files
[0.375s] -- Configuring done
[0.378s] -- Generating done
[0.379s] -- Build files have been written to: /home/malneyugnfl/Desktop/Project-STORM-LOCAL/build/robot_bringup
[0.383s] Invoked command in '/home/malneyugnfl/Desktop/Project-STORM-LOCAL/build/robot_bringup' returned '0': CMAKE_PREFIX_PATH=/opt/ros/humble /usr/bin/cmake /home/malneyugnfl/Desktop/Project-STORM-LOCAL/src/robot_bringup -DCMAKE_INSTALL_PREFIX=/home/malneyugnfl/Desktop/Project-STORM-LOCAL/install/robot_bringup
[0.384s] Invoking command in '/home/malneyugnfl/Desktop/Project-STORM-LOCAL/build/robot_bringup': CMAKE_PREFIX_PATH=/opt/ros/humble /usr/bin/cmake --build /home/malneyugnfl/Desktop/Project-STORM-LOCAL/build/robot_bringup -- -j32 -l32
[0.420s] Invoked command in '/home/malneyugnfl/Desktop/Project-STORM-LOCAL/build/robot_bringup' returned '0': CMAKE_PREFIX_PATH=/opt/ros/humble /usr/bin/cmake --build /home/malneyugnfl/Desktop/Project-STORM-LOCAL/build/robot_bringup -- -j32 -l32
[0.420s] Invoking command in '/home/malneyugnfl/Desktop/Project-STORM-LOCAL/build/robot_bringup': CMAKE_PREFIX_PATH=/opt/ros/humble /usr/bin/cmake --install /home/malneyugnfl/Desktop/Project-STORM-LOCAL/build/robot_bringup
[0.425s] -- Install configuration: ""
[0.425s] -- Installing: /home/malneyugnfl/Desktop/Project-STORM-LOCAL/install/robot_bringup/share/ament_index/resource_index/package_run_dependencies/robot_bringup
[0.425s] -- Installing: /home/malneyugnfl/Desktop/Project-STORM-LOCAL/install/robot_bringup/share/ament_index/resource_index/parent_prefix_path/robot_bringup
[0.426s] -- Installing: /home/malneyugnfl/Desktop/Project-STORM-LOCAL/install/robot_bringup/share/robot_bringup/environment/ament_prefix_path.sh
[0.426s] -- Installing: /home/malneyugnfl/Desktop/Project-STORM-LOCAL/install/robot_bringup/share/robot_bringup/environment/ament_prefix_path.dsv
[0.426s] -- Installing: /home/malneyugnfl/Desktop/Project-STORM-LOCAL/install/robot_bringup/share/robot_bringup/environment/path.sh
[0.426s] -- Installing: /home/malneyugnfl/Desktop/Project-STORM-LOCAL/install/robot_bringup/share/robot_bringup/environment/path.dsv
[0.426s] -- Installing: /home/malneyugnfl/Desktop/Project-STORM-LOCAL/install/robot_bringup/share/robot_bringup/local_setup.bash
[0.426s] -- Installing: /home/malneyugnfl/Desktop/Project-STORM-LOCAL/install/robot_bringup/share/robot_bringup/local_setup.sh
[0.426s] -- Installing: /home/malneyugnfl/Desktop/Project-STORM-LOCAL/install/robot_bringup/share/robot_bringup/local_setup.zsh
[0.426s] -- Installing: /home/malneyugnfl/Desktop/Project-STORM-LOCAL/install/robot_bringup/share/robot_bringup/local_setup.dsv
[0.426s] -- Installing: /home/malneyugnfl/Desktop/Project-STORM-LOCAL/install/robot_bringup/share/robot_bringup/package.dsv
[0.427s] -- Installing: /home/malneyugnfl/Desktop/Project-STORM-LOCAL/install/robot_bringup/share/ament_index/resource_index/packages/robot_bringup
[0.427s] -- Installing: /home/malneyugnfl/Desktop/Project-STORM-LOCAL/install/robot_bringup/share/robot_bringup/cmake/robot_bringupConfig.cmake
[0.427s] -- Installing: /home/malneyugnfl/Desktop/Project-STORM-LOCAL/install/robot_bringup/share/robot_bringup/cmake/robot_bringupConfig-version.cmake
[0.427s] -- Installing: /home/malneyugnfl/Desktop/Project-STORM-LOCAL/install/robot_bringup/share/robot_bringup/package.xml
[0.429s] Invoked command in '/home/malneyugnfl/Desktop/Project-STORM-LOCAL/build/robot_bringup' returned '0': CMAKE_PREFIX_PATH=/opt/ros/humble /usr/bin/cmake --install /home/malneyugnfl/Desktop/Project-STORM-LOCAL/build/robot_bringup
